02-22 12:43 Hello file!
02-22 12:43 [@charlesreid1] Finished populating a new tweet queue with 5 tweets.
02-22 12:43 [@charlesreid1] Finished populating a new tweet queue with 5 tweets.
02-22 12:43 [@charlesreid1] Finished populating a new tweet queue with 5 tweets.
02-22 12:43 [@charlesreid1] Hello world! That's number 1 of 5.
02-22 12:43 [@charlesreid1] Hello world! That's number 1 of 5.
02-22 12:43 [@charlesreid1] Hello world! That's number 1 of 5.
02-22 12:43 [@charlesreid1] Hello world! That's number 2 of 5.
02-22 12:43 [@charlesreid1] Hello world! That's number 2 of 5.
02-22 12:43 [@charlesreid1] Hello world! That's number 2 of 5.
02-22 12:43 [@charlesreid1] Hello world! That's number 3 of 5.
02-22 12:43 [@charlesreid1] Hello world! That's number 3 of 5.
02-22 12:43 [@charlesreid1] Hello world! That's number 3 of 5.
02-22 12:43 [@charlesreid1] Hello world! That's number 4 of 5.
02-22 12:43 [@charlesreid1] Hello world! That's number 4 of 5.
02-22 12:43 [@charlesreid1] Hello world! That's number 4 of 5.
02-22 12:43 [@charlesreid1] Hello world! That's number 5 of 5.
02-22 12:43 [@charlesreid1] Hello world! That's number 5 of 5.
02-22 12:43 [@charlesreid1] Hello world! That's number 5 of 5.
02-22 12:43 [@charlesreid1] Finished populating a new tweet queue with 5 tweets.
02-22 12:43 [@charlesreid1] Finished populating a new tweet queue with 5 tweets.
02-22 12:43 [@charlesreid1] Hello world! That's number 1 of 5.
02-22 12:43 [@charlesreid1] Hello world! That's number 1 of 5.
02-22 12:43 [@charlesreid1] Finished populating a new tweet queue with 5 tweets.
02-22 12:43 [@charlesreid1] Hello world! That's number 1 of 5.
02-22 12:43 [@charlesreid1] Hello world! That's number 2 of 5.
02-22 12:43 [@charlesreid1] Hello world! That's number 2 of 5.
02-22 12:43 [@charlesreid1] Hello world! That's number 2 of 5.
02-22 12:43 [@charlesreid1] Hello world! That's number 3 of 5.
02-22 12:43 [@charlesreid1] Hello world! That's number 3 of 5.
02-22 12:43 [@charlesreid1] Hello world! That's number 3 of 5.
02-22 12:43 [@charlesreid1] Hello world! That's number 4 of 5.
02-22 12:43 [@charlesreid1] Hello world! That's number 4 of 5.
02-22 12:43 [@charlesreid1] Hello world! That's number 4 of 5.
02-22 12:43 [@charlesreid1] Hello world! That's number 5 of 5.
02-22 12:43 [@charlesreid1] Hello world! That's number 5 of 5.
02-22 12:43 [@charlesreid1] Hello world! That's number 5 of 5.
02-22 12:43 [@charlesreid1] Finished populating a new tweet queue with 5 tweets.
02-22 12:43 [@charlesreid1] Hello world! That's number 1 of 5.
02-22 12:43 [@charlesreid1] Finished populating a new tweet queue with 5 tweets.
02-22 12:43 [@charlesreid1] Hello world! That's number 1 of 5.
02-22 12:43 [@charlesreid1] Finished populating a new tweet queue with 5 tweets.
02-22 12:43 [@charlesreid1] Hello world! That's number 1 of 5.
02-22 12:43 [@charlesreid1] Hello world! That's number 2 of 5.
02-22 12:43 [@charlesreid1] Hello world! That's number 2 of 5.
02-22 12:43 [@charlesreid1] Hello world! That's number 2 of 5.
02-22 12:43 [@charlesreid1] Hello world! That's number 3 of 5.
02-22 12:43 [@charlesreid1] Hello world! That's number 3 of 5.
02-22 12:43 [@charlesreid1] Hello world! That's number 3 of 5.
02-22 12:43 [@charlesreid1] Hello world! That's number 4 of 5.
02-22 12:43 [@charlesreid1] Hello world! That's number 4 of 5.
02-22 12:43 [@charlesreid1] Hello world! That's number 4 of 5.
02-22 12:43 [@charlesreid1] Hello world! That's number 5 of 5.
02-22 12:43 [@charlesreid1] Hello world! That's number 5 of 5.
02-22 12:43 [@charlesreid1] Hello world! That's number 5 of 5.
